{
  "tools": [
    {
      "confirmation": {
        "denied_result_template": "{\"summary\":\"Cancelled\",\"key\":\"{{ .Key }}\"}",
        "prompt_template": "Approve write: set {{ .Key }} to {{ .Value }}",
        "title": "Confirm change"
      },
      "description": "Write a stateful change",
      "id": "atlas.commands.dangerous_write",
      "payload": {
        "name": "DangerousWritePayload",
        "schema": {
          "$schema": "https://json-schema.org/draft/2020-12/schema",
          "properties": {
            "key": {
              "description": "Key to update.",
              "type": "string"
            },
            "value": {
              "description": "New value.",
              "type": "string"
            }
          },
          "required": [
            "key",
            "value"
          ],
          "type": "object"
        }
      },
      "result": {
        "name": "DangerousWriteResult",
        "schema": {
          "$schema": "https://json-schema.org/draft/2020-12/schema",
          "properties": {
            "key": {
              "description": "Key that was updated.",
              "type": "string"
            },
            "summary": {
              "description": "Summary of the update.",
              "type": "string"
            }
          },
          "required": [
            "summary",
            "key"
          ],
          "type": "object"
        }
      },
      "service": "alpha",
      "title": "Dangerous Write",
      "toolset": "alpha.atlas.commands"
    }
  ]
}
