// Package profiles contains the profiles executor for ScribeAgent.
// Goa creates this file only when it does not already exist. The application
// owns all later edits.
package profiles

import (
	"context"
	"errors"
	"fmt"
	scribe "goa.design/goa-ai/alpha/agents/scribe"
	profilesspecs "goa.design/goa-ai/alpha/toolsets/profiles"
	"goa.design/goa-ai/runtime/agent/planner"
	"goa.design/goa-ai/runtime/agent/rawjson"
	"goa.design/goa-ai/runtime/agent/runtime"
	"goa.design/goa-ai/runtime/agent/tools"
)

// Register registers the method-backed toolset with the runtime using Execute.
func Register(ctx context.Context, rt *runtime.Runtime) error {
	if rt == nil {
		return errors.New("runtime is required")
	}
	reg := scribe.NewScribeProfilesToolsetRegistration(runtime.ToolCallExecutorFunc(Execute))
	return rt.RegisterToolset(reg)
}

// Execute checks one tool call against its generated argument contract. The
// initial implementation returns the result example from the design;
// applications replace that result with their service call.
func Execute(ctx context.Context, meta *runtime.ToolCallMeta, call *runtime.ToolCall) (*runtime.ToolExecutionResult, error) {
	if call == nil {
		return nil, errors.New("tool request is nil")
	}
	if meta == nil {
		return nil, errors.New("tool call meta is nil")
	}
	switch call.Name {
	case "profiles.upsert":
		// Decode the JSON arguments with the generated profiles.upsert contract.
		_, err := profilesspecs.UpsertTool().Payload.FromJSON(call.Payload)
		if err != nil {
			var issuer interface {
				Issues() []*tools.FieldIssue
			}
			var issues []*tools.FieldIssue
			if errors.As(err, &issuer) {
				issues = issuer.Issues()
			}
			return runtime.Executed(&planner.ToolResult{
				Name: call.Name,
				Failure: &planner.ToolFailure{
					Kind:  planner.FailureInvalidCall,
					Error: planner.ToolErrorFromError(err),
					Recovery: planner.RecoveryDirective{
						Action:     planner.RecoveryCorrectCall,
						Issues:     issues,
						PriorInput: append(rawjson.Message(nil), call.Payload...),
						ExampleJSON: append(
							rawjson.Message(nil),
							profilesspecs.SpecUpsert().Payload.ExampleJSON...,
						),
					},
				},
			}), nil
		}
		return nil, fmt.Errorf("execute %s: generated executor requires an application implementation", call.Name)
	default:
		return runtime.Executed(&planner.ToolResult{
			Name: call.Name,
			Failure: &planner.ToolFailure{
				Kind:     planner.FailureInvalidCall,
				Error:    planner.NewToolError("unknown tool"),
				Recovery: planner.RecoveryDirective{Action: planner.RecoveryReplan},
			},
		}), nil
	}
}
