// Package planner contains the example planner for ScribeAgent.
// Goa creates this file only when it does not already exist. The application
// owns all later edits.
package planner

import (
	"context"
	model "goa.design/goa-ai/runtime/agent/model"
	"goa.design/goa-ai/runtime/agent/planner"
)

// New returns the example planner registered by the generated bootstrap.
// Replace it with the planner that should answer real application requests.
func New() planner.Planner { return &examplePlanner{} }

// examplePlanner makes one sample tool call and turns its result into an
// assistant reply. It lets a new application run without model credentials.
type examplePlanner struct{}

// PlanStart requests the example tool call selected from the design.
func (*examplePlanner) PlanStart(_ context.Context, _ *planner.PlanInput) (*planner.PlanResult, error) {
	return &planner.PlanResult{
		FinalResponse: &planner.FinalResponse{
			Message: &model.Message{
				Role:  model.ConversationRoleAssistant,
				Parts: []model.Part{model.TextPart{Text: "Hello from example planner."}},
			},
		},
	}, nil
}

// PlanResume turns the example tool result into the assistant's final reply.
func (*examplePlanner) PlanResume(_ context.Context, in *planner.PlanResumeInput) (*planner.PlanResult, error) {
	answer := "Done."
	return &planner.PlanResult{
		FinalResponse: &planner.FinalResponse{
			Message: &model.Message{
				Role:  model.ConversationRoleAssistant,
				Parts: []model.Part{model.TextPart{Text: answer}},
			},
		},
	}, nil
}
